******************************************************************************
                  TI ARM Linker PC v20.2.5                     
******************************************************************************
>> Linked Mon Nov 28 13:27:54 2022

OUTPUT FILE NAME:   <RTOS_Project_JL_JM.out>
ENTRY POINT SYMBOL: "_c_int00_noargs"  address: 000033ad


MEMORY CONFIGURATION

         name            origin    length      used     unused   attr    fill
----------------------  --------  ---------  --------  --------  ----  --------
  FLASH                 00000000   00040000  000034b4  0003cb4c  R  X
  SRAM                  20000000   00008000  000012c2  00006d3e  RW X


SEGMENT ALLOCATION MAP

run origin  load origin   length   init length attrs members
----------  ----------- ---------- ----------- ----- -------
00000000    00000000    000034b8   000034b8    r-x
  00000000    00000000    0000026c   0000026c    r-- .intvecs
  0000026c    0000026c    00003200   00003200    r-x .text
  0000346c    0000346c    00000010   00000010    r-- .const
  00003480    00003480    00000038   00000038    r-- .cinit
20000000    20000000    000012c2   00000000    rw-
  20000000    20000000    00001000   00000000    rw- .stack
  20001000    20001000    000002b8   00000000    rw- .bss
  200012b8    200012b8    0000000a   00000000    rw- .data


SECTION ALLOCATION MAP

 output                                  attributes/
section   page    origin      length       input sections
--------  ----  ----------  ----------   ----------------
.intvecs   0    00000000    0000026c     
                  00000000    0000026c     tm4c123gh6pm_startup_ccs.obj (.intvecs)

.text      0    0000026c    00003200     
                  0000026c    00001714     rtos.obj (.text)
                  00001980    00000ec4     shell.obj (.text)
                  00002844    000007e4     gpio.obj (.text)
                  00003028    0000012c     uart0.obj (.text)
                  00003154    0000009c     rtsv7M4_T_le_v4SPD16_eabi.lib : memcpy_t2.asm.obj (.text)
                  000031f0    00000094     kernel_asm.obj (.text)
                  00003284    0000007a     rtsv7M4_T_le_v4SPD16_eabi.lib : memset_t2.asm.obj (.text)
                  000032fe    00000068                                   : copy_decompress_lzss.c.obj (.text:decompress:lzss:__TI_decompress_lzss)
                  00003366    00000002     --HOLE-- [fill = 0]
                  00003368    00000044                                   : autoinit.c.obj (.text:__TI_auto_init_nobinit_nopinit:__TI_auto_init_nobinit_nopinit)
                  000033ac    00000034                                   : boot_cortex_m.c.obj (.text:_c_int00_noargs:_c_int00_noargs)
                  000033e0    00000020     kernel.obj (.text)
                  00003400    00000020     wait.obj (.text)
                  00003420    0000001c     rtsv7M4_T_le_v4SPD16_eabi.lib : copy_zero_init.c.obj (.text:decompress:ZI:__TI_zero_init_nomemset:__TI_zero_init_nomemset)
                  0000343c    00000010     clock.obj (.text)
                  0000344c    0000000e     rtsv7M4_T_le_v4SPD16_eabi.lib : copy_decompress_none.c.obj (.text:decompress:none:__TI_decompress_none)
                  0000345a    0000000a     tm4c123gh6pm_startup_ccs.obj (.text)
                  00003464    00000004     rtsv7M4_T_le_v4SPD16_eabi.lib : pre_init.c.obj (.text:_system_pre_init)
                  00003468    00000004                                   : exit.c.obj (.text:abort:abort)

.const     0    0000346c    00000010     
                  0000346c    00000010     shell.obj (.const:.string:$P$T0$1)

.cinit     0    00003480    00000038     
                  00003480    0000000f     (.cinit..data.load) [load image, compression = lzss]
                  0000348f    00000001     --HOLE-- [fill = 0]
                  00003490    0000000c     (__TI_handler_table)
                  0000349c    00000004     --HOLE-- [fill = 0]
                  000034a0    00000008     (.cinit..bss.load) [load image, compression = zero_init]
                  000034a8    00000010     (__TI_cinit_table)

.init_array 
*          0    00000000    00000000     UNINITIALIZED

.bss       0    20001000    000002b8     UNINITIALIZED
                  20001000    00000240     (.common:tcb)
                  20001240    00000078     (.common:semaphores)

.data      0    200012b8    0000000a     UNINITIALIZED
                  200012b8    0000000a     rtos.obj (.data)

.stack     0    20000000    00001000     UNINITIALIZED
                  20000000    00000004     rtsv7M4_T_le_v4SPD16_eabi.lib : boot_cortex_m.c.obj (.stack)
                  20000004    00000ffc     --HOLE--

__llvm_prf_cnts 
*          0    20000000    00000000     UNINITIALIZED

MODULE SUMMARY

       Module                         code    ro data   rw data
       ------                         ----    -------   -------
    .\
       rtos.obj                       5908    0         706    
       shell.obj                      3780    16        0      
       gpio.obj                       2020    0         0      
       tm4c123gh6pm_startup_ccs.obj   10      620       0      
       uart0.obj                      300     0         0      
       kernel_asm.obj                 148     0         0      
       kernel.obj                     32      0         0      
       wait.obj                       32      0         0      
       clock.obj                      16      0         0      
    +--+------------------------------+-------+---------+---------+
       Total:                         12246   636       706    
                                                               
    C:\ti\ccs1110\ccs\tools\compiler\ti-cgt-arm_20.2.5.LTS\lib\rtsv7M4_T_le_v4SPD16_eabi.lib
       memcpy_t2.asm.obj              156     0         0      
       memset_t2.asm.obj              122     0         0      
       copy_decompress_lzss.c.obj     104     0         0      
       autoinit.c.obj                 68      0         0      
       boot_cortex_m.c.obj            52      0         0      
       copy_zero_init.c.obj           28      0         0      
       copy_decompress_none.c.obj     14      0         0      
       exit.c.obj                     4       0         0      
       pre_init.c.obj                 4       0         0      
    +--+------------------------------+-------+---------+---------+
       Total:                         552     0         0      
                                                               
       Stack:                         0       0         4096   
       Linker Generated:              0       51        0      
    +--+------------------------------+-------+---------+---------+
       Grand Total:                   12798   687       4802   


LINKER GENERATED COPY TABLES

__TI_cinit_table @ 000034a8 records: 2, size/record: 8, table size: 16
	.data: load addr=00003480, load size=0000000f bytes, run addr=200012b8, run size=0000000a bytes, compression=lzss
	.bss: load addr=000034a0, load size=00000008 bytes, run addr=20001000, run size=000002b8 bytes, compression=zero_init


LINKER GENERATED HANDLER TABLE

__TI_handler_table @ 00003490 records: 3, size/record: 4, table size: 12
	index: 0, handler: __TI_decompress_lzss
	index: 1, handler: __TI_decompress_none
	index: 2, handler: __TI_zero_init


GLOBAL SYMBOLS: SORTED ALPHABETICALLY BY Name 

address   name                          
-------   ----                          
00003469  C$$EXIT                       
0000345b  ResetISR                      
20001000  __STACK_END                   
00001000  __STACK_SIZE                  
20000200  __STACK_TOP                   
000034a8  __TI_CINIT_Base               
000034b8  __TI_CINIT_Limit              
00003490  __TI_Handler_Table_Base       
0000349c  __TI_Handler_Table_Limit      
00003369  __TI_auto_init_nobinit_nopinit
000032ff  __TI_decompress_lzss          
0000344d  __TI_decompress_none          
ffffffff  __TI_pprof_out_hndl           
ffffffff  __TI_prof_data_size           
ffffffff  __TI_prof_data_start          
00000000  __TI_static_base__            
00003421  __TI_zero_init_nomemset       
00003285  __aeabi_memclr                
00003285  __aeabi_memclr4               
00003285  __aeabi_memclr8               
00003155  __aeabi_memcpy                
00003155  __aeabi_memcpy4               
00003155  __aeabi_memcpy8               
00003287  __aeabi_memset                
00003287  __aeabi_memset4               
00003287  __aeabi_memset8               
ffffffff  __binit__                     
ffffffff  __c_args__                    
UNDEFED   __mpu_init                    
20000000  __stack                       
20000000  __start___llvm_prf_cnts       
20000000  __stop___llvm_prf_cnts        
000033ad  _c_int00_noargs               
UNDEFED   _system_post_cinit            
00003465  _system_pre_init              
00003469  abort                         
00000413  allowBackgroundAccess         
00000433  allowFlashAccess              
00000477  allowPeripheralAccess         
ffffffff  binit                         
000010d7  busFaultIsr                   
00002e99  clearPinInterrupt             
00000955  createSemaphore               
0000080d  createThread                  
0000171b  debounce                      
00002e75  disablePinInterrupt           
00002bad  disablePinPulldown            
00002b65  disablePinPullup              
00002901  disablePort                   
000033e1  enableFaultExceptions         
00002e51  enablePinInterrupt            
00002b89  enablePinPulldown             
00002b37  enablePinPullup               
00002845  enablePort                    
0000176d  errant                        
0000327d  extractSVC                    
00003247  fabricateContext              
00001599  flash4Hz                      
00000000  g_pfnVectors                  
00001ca1  getFieldInteger               
00001bdd  getFieldString                
0000322d  getMSP                        
00003227  getPSP                        
00002ee3  getPinValue                   
00002f99  getPortValue                  
000030ff  getcUart0                     
00001981  getsUart0                     
00001085  hardFaultIsr                  
00001551  idle                          
00001575  idle2                         
0000178b  important                     
00001111  initHw                        
0000063d  initMpu                       
00000681  initRtos                      
0000343d  initSystemClockTo40Mhz        
00003029  initUart0                     
00002605  isCommand                     
00003117  kbhitUart0                    
000015fd  lengthyFn                     
000017c1  main                          
000025ad  makeLowercase                 
000009a9  makeRtosGreatAgain            
00000279  mallocBandage                 
0000026d  mallocFromHeap                
00003155  memcpy                        
0000328d  memset                        
00000fb9  mpuFaultIsr                   
000015c7  oneshot                       
00001a07  parseFields                   
000015ed  partOfLengthyFn               
00000bb1  pendSvIsr                     
0000323d  popContext                    
00000b19  post                          
200012ba  preemption                    
000027b9  printf                        
200012bb  priority                      
00003233  pushContext                   
000030b7  putcUart0                     
000030d3  putsUart0                     
0000166d  readKeys                      
000014c1  readPbs                       
0000092d  restartThread                 
000006ed  rtosScheduler                 
00002a6b  selectPinAnalogInput          
00002a1d  selectPinDigitalInput         
00002d87  selectPinInterruptBothEdges   
00002d37  selectPinInterruptFallingEdge 
00002ddd  selectPinInterruptHighLevel   
00002e17  selectPinInterruptLowLevel    
00002ce7  selectPinInterruptRisingEdge  
000029cf  selectPinOpenDrainOutput      
00002981  selectPinPushPullOutput       
20001240  semaphores                    
0000320b  setASPbit                     
0000321d  setPSP                        
00002bd5  setPinAuxFunction             
00002abb  setPinCommitControl           
00002ebd  setPinValue                   
00002f1d  setPortValue                  
000031f9  setTMPLbit                    
00000941  setThreadPriority             
00003073  setUart0BaudRate              
000004c9  setupSramAccess               
000017b7  shell                         
00000aff  sleep                         
00000ac5  startRtos                     
00000937  stopThread                    
000026dd  strCmp                        
0000276b  strCopy                       
00001d75  stringToUint32_t              
00000d91  svCallIsr                     
00000b27  systickIsr                    
200012b9  taskCount                     
200012b8  taskCurrent                   
20001000  tcb                           
00001dff  uint16_tToString              
0000250d  uint32_tToHexString           
0000203d  uint32_tToString              
0000175d  uncooperative                 
000010e5  usageFaultIsr                 
00000b0b  wait                          
00003401  waitMicrosecond               
00000afb  yield                         


GLOBAL SYMBOLS: SORTED BY Symbol Address 

address   name                          
-------   ----                          
00000000  __TI_static_base__            
00000000  g_pfnVectors                  
0000026d  mallocFromHeap                
00000279  mallocBandage                 
00000413  allowBackgroundAccess         
00000433  allowFlashAccess              
00000477  allowPeripheralAccess         
000004c9  setupSramAccess               
0000063d  initMpu                       
00000681  initRtos                      
000006ed  rtosScheduler                 
0000080d  createThread                  
0000092d  restartThread                 
00000937  stopThread                    
00000941  setThreadPriority             
00000955  createSemaphore               
000009a9  makeRtosGreatAgain            
00000ac5  startRtos                     
00000afb  yield                         
00000aff  sleep                         
00000b0b  wait                          
00000b19  post                          
00000b27  systickIsr                    
00000bb1  pendSvIsr                     
00000d91  svCallIsr                     
00000fb9  mpuFaultIsr                   
00001000  __STACK_SIZE                  
00001085  hardFaultIsr                  
000010d7  busFaultIsr                   
000010e5  usageFaultIsr                 
00001111  initHw                        
000014c1  readPbs                       
00001551  idle                          
00001575  idle2                         
00001599  flash4Hz                      
000015c7  oneshot                       
000015ed  partOfLengthyFn               
000015fd  lengthyFn                     
0000166d  readKeys                      
0000171b  debounce                      
0000175d  uncooperative                 
0000176d  errant                        
0000178b  important                     
000017b7  shell                         
000017c1  main                          
00001981  getsUart0                     
00001a07  parseFields                   
00001bdd  getFieldString                
00001ca1  getFieldInteger               
00001d75  stringToUint32_t              
00001dff  uint16_tToString              
0000203d  uint32_tToString              
0000250d  uint32_tToHexString           
000025ad  makeLowercase                 
00002605  isCommand                     
000026dd  strCmp                        
0000276b  strCopy                       
000027b9  printf                        
00002845  enablePort                    
00002901  disablePort                   
00002981  selectPinPushPullOutput       
000029cf  selectPinOpenDrainOutput      
00002a1d  selectPinDigitalInput         
00002a6b  selectPinAnalogInput          
00002abb  setPinCommitControl           
00002b37  enablePinPullup               
00002b65  disablePinPullup              
00002b89  enablePinPulldown             
00002bad  disablePinPulldown            
00002bd5  setPinAuxFunction             
00002ce7  selectPinInterruptRisingEdge  
00002d37  selectPinInterruptFallingEdge 
00002d87  selectPinInterruptBothEdges   
00002ddd  selectPinInterruptHighLevel   
00002e17  selectPinInterruptLowLevel    
00002e51  enablePinInterrupt            
00002e75  disablePinInterrupt           
00002e99  clearPinInterrupt             
00002ebd  setPinValue                   
00002ee3  getPinValue                   
00002f1d  setPortValue                  
00002f99  getPortValue                  
00003029  initUart0                     
00003073  setUart0BaudRate              
000030b7  putcUart0                     
000030d3  putsUart0                     
000030ff  getcUart0                     
00003117  kbhitUart0                    
00003155  __aeabi_memcpy                
00003155  __aeabi_memcpy4               
00003155  __aeabi_memcpy8               
00003155  memcpy                        
000031f9  setTMPLbit                    
0000320b  setASPbit                     
0000321d  setPSP                        
00003227  getPSP                        
0000322d  getMSP                        
00003233  pushContext                   
0000323d  popContext                    
00003247  fabricateContext              
0000327d  extractSVC                    
00003285  __aeabi_memclr                
00003285  __aeabi_memclr4               
00003285  __aeabi_memclr8               
00003287  __aeabi_memset                
00003287  __aeabi_memset4               
00003287  __aeabi_memset8               
0000328d  memset                        
000032ff  __TI_decompress_lzss          
00003369  __TI_auto_init_nobinit_nopinit
000033ad  _c_int00_noargs               
000033e1  enableFaultExceptions         
00003401  waitMicrosecond               
00003421  __TI_zero_init_nomemset       
0000343d  initSystemClockTo40Mhz        
0000344d  __TI_decompress_none          
0000345b  ResetISR                      
00003465  _system_pre_init              
00003469  C$$EXIT                       
00003469  abort                         
00003490  __TI_Handler_Table_Base       
0000349c  __TI_Handler_Table_Limit      
000034a8  __TI_CINIT_Base               
000034b8  __TI_CINIT_Limit              
20000000  __stack                       
20000000  __start___llvm_prf_cnts       
20000000  __stop___llvm_prf_cnts        
20000200  __STACK_TOP                   
20001000  __STACK_END                   
20001000  tcb                           
20001240  semaphores                    
200012b8  taskCurrent                   
200012b9  taskCount                     
200012ba  preemption                    
200012bb  priority                      
ffffffff  __TI_pprof_out_hndl           
ffffffff  __TI_prof_data_size           
ffffffff  __TI_prof_data_start          
ffffffff  __binit__                     
ffffffff  __c_args__                    
ffffffff  binit                         
UNDEFED   __mpu_init                    
UNDEFED   _system_post_cinit            

[143 symbols]
