******************************************************************************
                  TI ARM Linker PC v20.2.5                     
******************************************************************************
>> Linked Wed Nov 30 11:08:16 2022

OUTPUT FILE NAME:   <RTOS_Project_JL_JM.out>
ENTRY POINT SYMBOL: "_c_int00_noargs"  address: 00003d3d


MEMORY CONFIGURATION

         name            origin    length      used     unused   attr    fill
----------------------  --------  ---------  --------  --------  ----  --------
  FLASH                 00000000   00040000  00003e44  0003c1bc  R  X
  SRAM                  20000000   00008000  000012f3  00006d0d  RW X


SEGMENT ALLOCATION MAP

run origin  load origin   length   init length attrs members
----------  ----------- ---------- ----------- ----- -------
00000000    00000000    00003e48   00003e48    r-x
  00000000    00000000    0000026c   0000026c    r-- .intvecs
  0000026c    0000026c    00003b90   00003b90    r-x .text
  00003dfc    00003dfc    00000010   00000010    r-- .const
  00003e10    00003e10    00000038   00000038    r-- .cinit
20000000    20000000    000012f3   00000000    rw-
  20000000    20000000    00001000   00000000    rw- .stack
  20001000    20001000    000002e8   00000000    rw- .bss
  200012e8    200012e8    0000000b   00000000    rw- .data


SECTION ALLOCATION MAP

 output                                  attributes/
section   page    origin      length       input sections
--------  ----  ----------  ----------   ----------------
.intvecs   0    00000000    0000026c     
                  00000000    0000026c     tm4c123gh6pm_startup_ccs.obj (.intvecs)

.text      0    0000026c    00003b90     
                  0000026c    00001f44     rtos.obj (.text)
                  000021b0    00001024     shell.obj (.text)
                  000031d4    000007e4     gpio.obj (.text)
                  000039b8    0000012c     uart0.obj (.text)
                  00003ae4    0000009c     rtsv7M4_T_le_v4SPD16_eabi.lib : memcpy_t2.asm.obj (.text)
                  00003b80    00000094     kernel_asm.obj (.text)
                  00003c14    0000007a     rtsv7M4_T_le_v4SPD16_eabi.lib : memset_t2.asm.obj (.text)
                  00003c8e    00000068                                   : copy_decompress_lzss.c.obj (.text:decompress:lzss:__TI_decompress_lzss)
                  00003cf6    00000002     --HOLE-- [fill = 0]
                  00003cf8    00000044                                   : autoinit.c.obj (.text:__TI_auto_init_nobinit_nopinit:__TI_auto_init_nobinit_nopinit)
                  00003d3c    00000034                                   : boot_cortex_m.c.obj (.text:_c_int00_noargs:_c_int00_noargs)
                  00003d70    00000020     kernel.obj (.text)
                  00003d90    00000020     wait.obj (.text)
                  00003db0    0000001c     rtsv7M4_T_le_v4SPD16_eabi.lib : copy_zero_init.c.obj (.text:decompress:ZI:__TI_zero_init_nomemset:__TI_zero_init_nomemset)
                  00003dcc    00000010     clock.obj (.text)
                  00003ddc    0000000e     rtsv7M4_T_le_v4SPD16_eabi.lib : copy_decompress_none.c.obj (.text:decompress:none:__TI_decompress_none)
                  00003dea    0000000a     tm4c123gh6pm_startup_ccs.obj (.text)
                  00003df4    00000004     rtsv7M4_T_le_v4SPD16_eabi.lib : pre_init.c.obj (.text:_system_pre_init)
                  00003df8    00000004                                   : exit.c.obj (.text:abort:abort)

.const     0    00003dfc    00000010     
                  00003dfc    00000010     shell.obj (.const:.string:$P$T0$1)

.cinit     0    00003e10    00000038     
                  00003e10    00000010     (.cinit..data.load) [load image, compression = lzss]
                  00003e20    0000000c     (__TI_handler_table)
                  00003e2c    00000004     --HOLE-- [fill = 0]
                  00003e30    00000008     (.cinit..bss.load) [load image, compression = zero_init]
                  00003e38    00000010     (__TI_cinit_table)

.init_array 
*          0    00000000    00000000     UNINITIALIZED

.bss       0    20001000    000002e8     UNINITIALIZED
                  20001000    00000270     (.common:tcb)
                  20001270    00000078     (.common:semaphores)

.data      0    200012e8    0000000b     UNINITIALIZED
                  200012e8    0000000b     rtos.obj (.data)

.stack     0    20000000    00001000     UNINITIALIZED
                  20000000    00000004     rtsv7M4_T_le_v4SPD16_eabi.lib : boot_cortex_m.c.obj (.stack)
                  20000004    00000ffc     --HOLE--

__llvm_prf_cnts 
*          0    20000000    00000000     UNINITIALIZED

MODULE SUMMARY

       Module                         code    ro data   rw data
       ------                         ----    -------   -------
    .\
       rtos.obj                       8004    0         755    
       shell.obj                      4132    16        0      
       gpio.obj                       2020    0         0      
       tm4c123gh6pm_startup_ccs.obj   10      620       0      
       uart0.obj                      300     0         0      
       kernel_asm.obj                 148     0         0      
       kernel.obj                     32      0         0      
       wait.obj                       32      0         0      
       clock.obj                      16      0         0      
    +--+------------------------------+-------+---------+---------+
       Total:                         14694   636       755    
                                                               
    C:\ti\ccs1110\ccs\tools\compiler\ti-cgt-arm_20.2.5.LTS\lib\rtsv7M4_T_le_v4SPD16_eabi.lib
       memcpy_t2.asm.obj              156     0         0      
       memset_t2.asm.obj              122     0         0      
       copy_decompress_lzss.c.obj     104     0         0      
       autoinit.c.obj                 68      0         0      
       boot_cortex_m.c.obj            52      0         0      
       copy_zero_init.c.obj           28      0         0      
       copy_decompress_none.c.obj     14      0         0      
       exit.c.obj                     4       0         0      
       pre_init.c.obj                 4       0         0      
    +--+------------------------------+-------+---------+---------+
       Total:                         552     0         0      
                                                               
       Stack:                         0       0         4096   
       Linker Generated:              0       52        0      
    +--+------------------------------+-------+---------+---------+
       Grand Total:                   15246   688       4851   


LINKER GENERATED COPY TABLES

__TI_cinit_table @ 00003e38 records: 2, size/record: 8, table size: 16
	.data: load addr=00003e10, load size=00000010 bytes, run addr=200012e8, run size=0000000b bytes, compression=lzss
	.bss: load addr=00003e30, load size=00000008 bytes, run addr=20001000, run size=000002e8 bytes, compression=zero_init


LINKER GENERATED HANDLER TABLE

__TI_handler_table @ 00003e20 records: 3, size/record: 4, table size: 12
	index: 0, handler: __TI_decompress_lzss
	index: 1, handler: __TI_decompress_none
	index: 2, handler: __TI_zero_init


GLOBAL SYMBOLS: SORTED ALPHABETICALLY BY Name 

address   name                          
-------   ----                          
00003df9  C$$EXIT                       
00003deb  ResetISR                      
20001000  __STACK_END                   
00001000  __STACK_SIZE                  
20000200  __STACK_TOP                   
00003e38  __TI_CINIT_Base               
00003e48  __TI_CINIT_Limit              
00003e20  __TI_Handler_Table_Base       
00003e2c  __TI_Handler_Table_Limit      
00003cf9  __TI_auto_init_nobinit_nopinit
00003c8f  __TI_decompress_lzss          
00003ddd  __TI_decompress_none          
ffffffff  __TI_pprof_out_hndl           
ffffffff  __TI_prof_data_size           
ffffffff  __TI_prof_data_start          
00000000  __TI_static_base__            
00003db1  __TI_zero_init_nomemset       
00003c15  __aeabi_memclr                
00003c15  __aeabi_memclr4               
00003c15  __aeabi_memclr8               
00003ae5  __aeabi_memcpy                
00003ae5  __aeabi_memcpy4               
00003ae5  __aeabi_memcpy8               
00003c17  __aeabi_memset                
00003c17  __aeabi_memset4               
00003c17  __aeabi_memset8               
ffffffff  __binit__                     
ffffffff  __c_args__                    
UNDEFED   __mpu_init                    
20000000  __stack                       
20000000  __start___llvm_prf_cnts       
20000000  __stop___llvm_prf_cnts        
00003d3d  _c_int00_noargs               
UNDEFED   _system_post_cinit            
00003df5  _system_pre_init              
00003df9  abort                         
00000411  allowBackgroundAccess         
00000431  allowFlashAccess              
00000475  allowPeripheralAccess         
ffffffff  binit                         
000014ed  busFaultIsr                   
00003829  clearPinInterrupt             
00000c9d  createSemaphore               
0000087d  createThread                  
00001519  danceBattle                   
00001c85  debounce                      
00003805  disablePinInterrupt           
0000353d  disablePinPulldown            
000034f5  disablePinPullup              
00003291  disablePort                   
00003d71  enableFaultExceptions         
000037e1  enablePinInterrupt            
00003519  enablePinPulldown             
000034c7  enablePinPullup               
000031d5  enablePort                    
00001ce1  errant                        
00003c0d  extractSVC                    
00003bd7  fabricateContext              
00001ae3  flash4Hz                      
00000b85  freeHeap                      
00000000  g_pfnVectors                  
00002597  getFieldInteger               
000024d3  getFieldString                
00003bbd  getMSP                        
00003bb7  getPSP                        
00003873  getPinValue                   
00003929  getPortValue                  
00001da9  getThreadInfo                 
00003a8f  getcUart0                     
000021b1  getsUart0                     
0000148d  hardFaultIsr                  
200012ec  heap                          
00002e03  hexStringToUint32_t           
00001a9b  idle                          
00001abf  idle2                         
00001d0d  important                     
00001871  initHw                        
00000639  initMpu                       
0000067d  initRtos                      
00003dcd  initSystemClockTo40Mhz        
000039b9  initUart0                     
00001d43  ipcs                          
00002f95  isCommand                     
00003aa7  kbhitUart0                    
00001d89  kill                          
00001b47  lengthyFn                     
00001f45  main                          
00002f3d  makeLowercase                 
00000ce5  makeRtosGreatAgain            
00000279  mallocBandage                 
0000026d  mallocFromHeap                
00003ae5  memcpy                        
00003c1d  memset                        
000013b1  mpuFaultIsr                   
00001b11  oneshot                       
00002237  parseFields                   
00001b37  partOfLengthyFn               
00000f05  pendSvIsr                     
200012ea  pidDirCount                   
00001d4d  pidof                         
00001d63  pmap                          
00003bcd  popContext                    
00000e55  post                          
200012f0  preemption                    
00003149  printf                        
200012f1  priority                      
00001d39  ps                            
00003bc3  pushContext                   
00003a47  putcUart0                     
00003a63  putsUart0                     
00001bc5  readKeys                      
00001a15  readPbs                       
000009c1  restartThread                 
000006e9  rtosScheduler                 
000033fb  selectPinAnalogInput          
000033ad  selectPinDigitalInput         
00003717  selectPinInterruptBothEdges   
000036c7  selectPinInterruptFallingEdge 
0000376d  selectPinInterruptHighLevel   
000037a7  selectPinInterruptLowLevel    
00003677  selectPinInterruptRisingEdge  
0000335f  selectPinOpenDrainOutput      
00003311  selectPinPushPullOutput       
20001270  semaphores                    
00003b9b  setASPbit                     
00003bad  setPSP                        
00003565  setPinAuxFunction             
0000344b  setPinCommitControl           
0000384d  setPinValue                   
000038ad  setPortValue                  
00003b89  setTMPLbit                    
00000c45  setThreadPriority             
00003a03  setUart0BaudRate              
000004c7  setupSramAccess               
00001de9  shell                         
00000e35  sleep                         
00000dfb  startRtos                     
00000a41  stopThread                    
0000306d  strCmp                        
000030fb  strCopy                       
0000266b  stringToUint32_t              
000010f9  svCallIsr                     
00000e6d  systickIsr                    
200012e9  taskCount                     
200012e8  taskCurrent                   
20001000  tcb                           
000026f5  uint16_tToString              
00002e9d  uint32_tToHexString           
00002933  uint32_tToString              
00001cc7  uncooperative                 
00001501  usageFaultIsr                 
00000e41  wait                          
00003d91  waitMicrosecond               
00000e31  yield                         


GLOBAL SYMBOLS: SORTED BY Symbol Address 

address   name                          
-------   ----                          
00000000  __TI_static_base__            
00000000  g_pfnVectors                  
0000026d  mallocFromHeap                
00000279  mallocBandage                 
00000411  allowBackgroundAccess         
00000431  allowFlashAccess              
00000475  allowPeripheralAccess         
000004c7  setupSramAccess               
00000639  initMpu                       
0000067d  initRtos                      
000006e9  rtosScheduler                 
0000087d  createThread                  
000009c1  restartThread                 
00000a41  stopThread                    
00000b85  freeHeap                      
00000c45  setThreadPriority             
00000c9d  createSemaphore               
00000ce5  makeRtosGreatAgain            
00000dfb  startRtos                     
00000e31  yield                         
00000e35  sleep                         
00000e41  wait                          
00000e55  post                          
00000e6d  systickIsr                    
00000f05  pendSvIsr                     
00001000  __STACK_SIZE                  
000010f9  svCallIsr                     
000013b1  mpuFaultIsr                   
0000148d  hardFaultIsr                  
000014ed  busFaultIsr                   
00001501  usageFaultIsr                 
00001519  danceBattle                   
00001871  initHw                        
00001a15  readPbs                       
00001a9b  idle                          
00001abf  idle2                         
00001ae3  flash4Hz                      
00001b11  oneshot                       
00001b37  partOfLengthyFn               
00001b47  lengthyFn                     
00001bc5  readKeys                      
00001c85  debounce                      
00001cc7  uncooperative                 
00001ce1  errant                        
00001d0d  important                     
00001d39  ps                            
00001d43  ipcs                          
00001d4d  pidof                         
00001d63  pmap                          
00001d89  kill                          
00001da9  getThreadInfo                 
00001de9  shell                         
00001f45  main                          
000021b1  getsUart0                     
00002237  parseFields                   
000024d3  getFieldString                
00002597  getFieldInteger               
0000266b  stringToUint32_t              
000026f5  uint16_tToString              
00002933  uint32_tToString              
00002e03  hexStringToUint32_t           
00002e9d  uint32_tToHexString           
00002f3d  makeLowercase                 
00002f95  isCommand                     
0000306d  strCmp                        
000030fb  strCopy                       
00003149  printf                        
000031d5  enablePort                    
00003291  disablePort                   
00003311  selectPinPushPullOutput       
0000335f  selectPinOpenDrainOutput      
000033ad  selectPinDigitalInput         
000033fb  selectPinAnalogInput          
0000344b  setPinCommitControl           
000034c7  enablePinPullup               
000034f5  disablePinPullup              
00003519  enablePinPulldown             
0000353d  disablePinPulldown            
00003565  setPinAuxFunction             
00003677  selectPinInterruptRisingEdge  
000036c7  selectPinInterruptFallingEdge 
00003717  selectPinInterruptBothEdges   
0000376d  selectPinInterruptHighLevel   
000037a7  selectPinInterruptLowLevel    
000037e1  enablePinInterrupt            
00003805  disablePinInterrupt           
00003829  clearPinInterrupt             
0000384d  setPinValue                   
00003873  getPinValue                   
000038ad  setPortValue                  
00003929  getPortValue                  
000039b9  initUart0                     
00003a03  setUart0BaudRate              
00003a47  putcUart0                     
00003a63  putsUart0                     
00003a8f  getcUart0                     
00003aa7  kbhitUart0                    
00003ae5  __aeabi_memcpy                
00003ae5  __aeabi_memcpy4               
00003ae5  __aeabi_memcpy8               
00003ae5  memcpy                        
00003b89  setTMPLbit                    
00003b9b  setASPbit                     
00003bad  setPSP                        
00003bb7  getPSP                        
00003bbd  getMSP                        
00003bc3  pushContext                   
00003bcd  popContext                    
00003bd7  fabricateContext              
00003c0d  extractSVC                    
00003c15  __aeabi_memclr                
00003c15  __aeabi_memclr4               
00003c15  __aeabi_memclr8               
00003c17  __aeabi_memset                
00003c17  __aeabi_memset4               
00003c17  __aeabi_memset8               
00003c1d  memset                        
00003c8f  __TI_decompress_lzss          
00003cf9  __TI_auto_init_nobinit_nopinit
00003d3d  _c_int00_noargs               
00003d71  enableFaultExceptions         
00003d91  waitMicrosecond               
00003db1  __TI_zero_init_nomemset       
00003dcd  initSystemClockTo40Mhz        
00003ddd  __TI_decompress_none          
00003deb  ResetISR                      
00003df5  _system_pre_init              
00003df9  C$$EXIT                       
00003df9  abort                         
00003e20  __TI_Handler_Table_Base       
00003e2c  __TI_Handler_Table_Limit      
00003e38  __TI_CINIT_Base               
00003e48  __TI_CINIT_Limit              
20000000  __stack                       
20000000  __start___llvm_prf_cnts       
20000000  __stop___llvm_prf_cnts        
20000200  __STACK_TOP                   
20001000  __STACK_END                   
20001000  tcb                           
20001270  semaphores                    
200012e8  taskCurrent                   
200012e9  taskCount                     
200012ea  pidDirCount                   
200012ec  heap                          
200012f0  preemption                    
200012f1  priority                      
ffffffff  __TI_pprof_out_hndl           
ffffffff  __TI_prof_data_size           
ffffffff  __TI_prof_data_start          
ffffffff  __binit__                     
ffffffff  __c_args__                    
ffffffff  binit                         
UNDEFED   __mpu_init                    
UNDEFED   _system_post_cinit            

[154 symbols]
