******************************************************************************
                  TI ARM Linker PC v20.2.5                     
******************************************************************************
>> Linked Mon Nov 14 13:14:01 2022

OUTPUT FILE NAME:   <RTOS_Project_JL_JM.out>
ENTRY POINT SYMBOL: "_c_int00_noargs"  address: 00002a39


MEMORY CONFIGURATION

         name            origin    length      used     unused   attr    fill
----------------------  --------  ---------  --------  --------  ----  --------
  FLASH                 00000000   00040000  00002b20  0003d4e0  R  X
  SRAM                  20000000   00008000  000004c1  00007b3f  RW X


SEGMENT ALLOCATION MAP

run origin  load origin   length   init length attrs members
----------  ----------- ---------- ----------- ----- -------
00000000    00000000    00002b20   00002b20    r-x
  00000000    00000000    0000026c   0000026c    r-- .intvecs
  0000026c    0000026c    0000286c   0000286c    r-x .text
  00002ad8    00002ad8    00000010   00000010    r-- .const
  00002ae8    00002ae8    00000038   00000038    r-- .cinit
20000000    20000000    000004c1   00000000    rw-
  20000000    20000000    000002b8   00000000    rw- .bss
  200002b8    200002b8    00000200   00000000    rw- .stack
  200004b8    200004b8    00000009   00000000    rw- .data


SECTION ALLOCATION MAP

 output                                  attributes/
section   page    origin      length       input sections
--------  ----  ----------  ----------   ----------------
.intvecs   0    00000000    0000026c     
                  00000000    0000026c     tm4c123gh6pm_startup_ccs.obj (.intvecs)

.text      0    0000026c    0000286c     
                  0000026c    00000ec4     shell.obj (.text)
                  00001130    00000dfc     rtos.obj (.text)
                  00001f2c    000007e4     gpio.obj (.text)
                  00002710    00000128     uart0.obj (.text)
                  00002838    0000009c     rtsv7M4_T_le_v4SPD16_eabi.lib : memcpy_t2.asm.obj (.text)
                  000028d4    0000007a                                   : memset_t2.asm.obj (.text)
                  0000294e    00000068                                   : copy_decompress_lzss.c.obj (.text:decompress:lzss:__TI_decompress_lzss)
                  000029b6    00000002     --HOLE-- [fill = 0]
                  000029b8    00000044                                   : autoinit.c.obj (.text:__TI_auto_init_nobinit_nopinit:__TI_auto_init_nobinit_nopinit)
                  000029fc    0000003a     kernel_asm.obj (.text)
                  00002a36    00000002     --HOLE-- [fill = 0]
                  00002a38    00000034     rtsv7M4_T_le_v4SPD16_eabi.lib : boot_cortex_m.c.obj (.text:_c_int00_noargs:_c_int00_noargs)
                  00002a6c    00000020     wait.obj (.text)
                  00002a8c    0000001c     rtsv7M4_T_le_v4SPD16_eabi.lib : copy_zero_init.c.obj (.text:decompress:ZI:__TI_zero_init_nomemset:__TI_zero_init_nomemset)
                  00002aa8    00000010     clock.obj (.text)
                  00002ab8    0000000e     rtsv7M4_T_le_v4SPD16_eabi.lib : copy_decompress_none.c.obj (.text:decompress:none:__TI_decompress_none)
                  00002ac6    0000000a     tm4c123gh6pm_startup_ccs.obj (.text)
                  00002ad0    00000004     rtsv7M4_T_le_v4SPD16_eabi.lib : pre_init.c.obj (.text:_system_pre_init)
                  00002ad4    00000004                                   : exit.c.obj (.text:abort:abort)

.const     0    00002ad8    00000010     
                  00002ad8    00000010     shell.obj (.const:.string:$P$T0$1)

.cinit     0    00002ae8    00000038     
                  00002ae8    0000000e     (.cinit..data.load) [load image, compression = lzss]
                  00002af6    00000002     --HOLE-- [fill = 0]
                  00002af8    0000000c     (__TI_handler_table)
                  00002b04    00000004     --HOLE-- [fill = 0]
                  00002b08    00000008     (.cinit..bss.load) [load image, compression = zero_init]
                  00002b10    00000010     (__TI_cinit_table)

.init_array 
*          0    00000000    00000000     UNINITIALIZED

.bss       0    20000000    000002b8     UNINITIALIZED
                  20000000    00000240     (.common:tcb)
                  20000240    00000078     (.common:semaphores)

.data      0    200004b8    00000009     UNINITIALIZED
                  200004b8    00000009     rtos.obj (.data)

.stack     0    200002b8    00000200     UNINITIALIZED
                  200002b8    00000004     rtsv7M4_T_le_v4SPD16_eabi.lib : boot_cortex_m.c.obj (.stack)
                  200002bc    000001fc     --HOLE--

__llvm_prf_cnts 
*          0    20000000    00000000     UNINITIALIZED

MODULE SUMMARY

       Module                         code    ro data   rw data
       ------                         ----    -------   -------
    .\
       rtos.obj                       3580    0         705    
       shell.obj                      3780    16        0      
       gpio.obj                       2020    0         0      
       tm4c123gh6pm_startup_ccs.obj   10      620       0      
       uart0.obj                      296     0         0      
       kernel_asm.obj                 58      0         0      
       wait.obj                       32      0         0      
       clock.obj                      16      0         0      
    +--+------------------------------+-------+---------+---------+
       Total:                         9792    636       705    
                                                               
    C:\ti\ccs1110\ccs\tools\compiler\ti-cgt-arm_20.2.5.LTS\lib\rtsv7M4_T_le_v4SPD16_eabi.lib
       memcpy_t2.asm.obj              156     0         0      
       memset_t2.asm.obj              122     0         0      
       copy_decompress_lzss.c.obj     104     0         0      
       autoinit.c.obj                 68      0         0      
       boot_cortex_m.c.obj            52      0         0      
       copy_zero_init.c.obj           28      0         0      
       copy_decompress_none.c.obj     14      0         0      
       exit.c.obj                     4       0         0      
       pre_init.c.obj                 4       0         0      
    +--+------------------------------+-------+---------+---------+
       Total:                         552     0         0      
                                                               
       Stack:                         0       0         512    
       Linker Generated:              0       50        0      
    +--+------------------------------+-------+---------+---------+
       Grand Total:                   10344   686       1217   


LINKER GENERATED COPY TABLES

__TI_cinit_table @ 00002b10 records: 2, size/record: 8, table size: 16
	.data: load addr=00002ae8, load size=0000000e bytes, run addr=200004b8, run size=00000009 bytes, compression=lzss
	.bss: load addr=00002b08, load size=00000008 bytes, run addr=20000000, run size=000002b8 bytes, compression=zero_init


LINKER GENERATED HANDLER TABLE

__TI_handler_table @ 00002af8 records: 3, size/record: 4, table size: 12
	index: 0, handler: __TI_decompress_lzss
	index: 1, handler: __TI_decompress_none
	index: 2, handler: __TI_zero_init


GLOBAL SYMBOLS: SORTED ALPHABETICALLY BY Name 

address   name                          
-------   ----                          
00002ad5  C$$EXIT                       
00002ac7  ResetISR                      
200004b8  __STACK_END                   
00000200  __STACK_SIZE                  
200004b8  __STACK_TOP                   
00002b10  __TI_CINIT_Base               
00002b20  __TI_CINIT_Limit              
00002af8  __TI_Handler_Table_Base       
00002b04  __TI_Handler_Table_Limit      
000029b9  __TI_auto_init_nobinit_nopinit
0000294f  __TI_decompress_lzss          
00002ab9  __TI_decompress_none          
ffffffff  __TI_pprof_out_hndl           
ffffffff  __TI_prof_data_size           
ffffffff  __TI_prof_data_start          
00000000  __TI_static_base__            
00002a8d  __TI_zero_init_nomemset       
000028d5  __aeabi_memclr                
000028d5  __aeabi_memclr4               
000028d5  __aeabi_memclr8               
00002839  __aeabi_memcpy                
00002839  __aeabi_memcpy4               
00002839  __aeabi_memcpy8               
000028d7  __aeabi_memset                
000028d7  __aeabi_memset4               
000028d7  __aeabi_memset8               
ffffffff  __binit__                     
ffffffff  __c_args__                    
UNDEFED   __mpu_init                    
200002b8  __stack                       
20000000  __start___llvm_prf_cnts       
20000000  __stop___llvm_prf_cnts        
00002a39  _c_int00_noargs               
UNDEFED   _system_post_cinit            
00002ad1  _system_pre_init              
00002ad5  abort                         
00001171  allowBackgroundAccess         
00001191  allowFlashAccess              
000011d5  allowPeripheralAccess         
ffffffff  binit                         
00001851  busFaultIsr                   
00002581  clearPinInterrupt             
000015e5  createSemaphore               
000014a1  createThread                  
00001de1  debounce                      
0000255d  disablePinInterrupt           
00002295  disablePinPulldown            
0000224d  disablePinPullup              
00001fe9  disablePort                   
00002539  enablePinInterrupt            
00002271  enablePinPulldown             
0000221f  enablePinPullup               
00001f2d  enablePort                    
00001e33  errant                        
00001c59  flash4Hz                      
00000000  g_pfnVectors                  
0000058d  getFieldInteger               
000004c9  getFieldString                
00002a31  getMSP                        
00002a2b  getPSP                        
000025cb  getPinValue                   
00002681  getPortValue                  
000027e7  getcUart0                     
0000026d  getsUart0                     
000017e1  hardFaultIsr                  
00001c21  idle                          
00001e51  important                     
00001881  initHw                        
00001391  initMpu                       
000013d9  initRtos                      
00002aa9  initSystemClockTo40Mhz        
00002711  initUart0                     
00000ef1  isCommand                     
000027fb  kbhitUart0                    
00001cc3  lengthyFn                     
00001e7f  main                          
00000e99  makeLowercase                 
00001621  makeRtosGreatAgain            
00001131  mallocFromHeap                
00002839  memcpy                        
000028dd  memset                        
000016a9  mpuFaultIsr                   
00001c8d  oneshot                       
000002f3  parseFields                   
00001cb3  partOfLengthyFn               
0000168f  pendSvIsr                     
00001681  post                          
000010a5  printf                        
0000279f  putcUart0                     
000027bb  putsUart0                     
00001d33  readKeys                      
00001abd  readPbs                       
000015c3  restartThread                 
00001427  rtosScheduler                 
00002153  selectPinAnalogInput          
00002105  selectPinDigitalInput         
0000246f  selectPinInterruptBothEdges   
0000241f  selectPinInterruptFallingEdge 
000024c5  selectPinInterruptHighLevel   
000024ff  selectPinInterruptLowLevel    
000023cf  selectPinInterruptRisingEdge  
000020b7  selectPinOpenDrainOutput      
00002069  selectPinPushPullOutput       
20000240  semaphores                    
00002a0f  setASPbit                     
00002a21  setPSP                        
000022bd  setPinAuxFunction             
000021a3  setPinCommitControl           
000025a5  setPinValue                   
00002605  setPortValue                  
000029fd  setTMPLbit                    
000015d7  setThreadPriority             
0000275b  setUart0BaudRate              
00001227  setupSramAccess               
00001e7d  shell                         
00001665  sleep                         
0000163d  startRtos                     
000015cd  stopThread                    
00000fc9  strCmp                        
00001057  strCopy                       
00000661  stringToUint32_t              
00001691  svCallIsr                     
0000168d  systickIsr                    
200004b9  taskCount                     
200004b8  taskCurrent                   
20000000  tcb                           
000006eb  uint16_tToString              
00000df9  uint32_tToHexString           
00000929  uint32_tToString              
00001e23  uncooperative                 
00001861  usageFaultIsr                 
0000166f  wait                          
00002a6d  waitMicrosecond               
00001663  yield                         


GLOBAL SYMBOLS: SORTED BY Symbol Address 

address   name                          
-------   ----                          
00000000  __TI_static_base__            
00000000  g_pfnVectors                  
00000200  __STACK_SIZE                  
0000026d  getsUart0                     
000002f3  parseFields                   
000004c9  getFieldString                
0000058d  getFieldInteger               
00000661  stringToUint32_t              
000006eb  uint16_tToString              
00000929  uint32_tToString              
00000df9  uint32_tToHexString           
00000e99  makeLowercase                 
00000ef1  isCommand                     
00000fc9  strCmp                        
00001057  strCopy                       
000010a5  printf                        
00001131  mallocFromHeap                
00001171  allowBackgroundAccess         
00001191  allowFlashAccess              
000011d5  allowPeripheralAccess         
00001227  setupSramAccess               
00001391  initMpu                       
000013d9  initRtos                      
00001427  rtosScheduler                 
000014a1  createThread                  
000015c3  restartThread                 
000015cd  stopThread                    
000015d7  setThreadPriority             
000015e5  createSemaphore               
00001621  makeRtosGreatAgain            
0000163d  startRtos                     
00001663  yield                         
00001665  sleep                         
0000166f  wait                          
00001681  post                          
0000168d  systickIsr                    
0000168f  pendSvIsr                     
00001691  svCallIsr                     
000016a9  mpuFaultIsr                   
000017e1  hardFaultIsr                  
00001851  busFaultIsr                   
00001861  usageFaultIsr                 
00001881  initHw                        
00001abd  readPbs                       
00001c21  idle                          
00001c59  flash4Hz                      
00001c8d  oneshot                       
00001cb3  partOfLengthyFn               
00001cc3  lengthyFn                     
00001d33  readKeys                      
00001de1  debounce                      
00001e23  uncooperative                 
00001e33  errant                        
00001e51  important                     
00001e7d  shell                         
00001e7f  main                          
00001f2d  enablePort                    
00001fe9  disablePort                   
00002069  selectPinPushPullOutput       
000020b7  selectPinOpenDrainOutput      
00002105  selectPinDigitalInput         
00002153  selectPinAnalogInput          
000021a3  setPinCommitControl           
0000221f  enablePinPullup               
0000224d  disablePinPullup              
00002271  enablePinPulldown             
00002295  disablePinPulldown            
000022bd  setPinAuxFunction             
000023cf  selectPinInterruptRisingEdge  
0000241f  selectPinInterruptFallingEdge 
0000246f  selectPinInterruptBothEdges   
000024c5  selectPinInterruptHighLevel   
000024ff  selectPinInterruptLowLevel    
00002539  enablePinInterrupt            
0000255d  disablePinInterrupt           
00002581  clearPinInterrupt             
000025a5  setPinValue                   
000025cb  getPinValue                   
00002605  setPortValue                  
00002681  getPortValue                  
00002711  initUart0                     
0000275b  setUart0BaudRate              
0000279f  putcUart0                     
000027bb  putsUart0                     
000027e7  getcUart0                     
000027fb  kbhitUart0                    
00002839  __aeabi_memcpy                
00002839  __aeabi_memcpy4               
00002839  __aeabi_memcpy8               
00002839  memcpy                        
000028d5  __aeabi_memclr                
000028d5  __aeabi_memclr4               
000028d5  __aeabi_memclr8               
000028d7  __aeabi_memset                
000028d7  __aeabi_memset4               
000028d7  __aeabi_memset8               
000028dd  memset                        
0000294f  __TI_decompress_lzss          
000029b9  __TI_auto_init_nobinit_nopinit
000029fd  setTMPLbit                    
00002a0f  setASPbit                     
00002a21  setPSP                        
00002a2b  getPSP                        
00002a31  getMSP                        
00002a39  _c_int00_noargs               
00002a6d  waitMicrosecond               
00002a8d  __TI_zero_init_nomemset       
00002aa9  initSystemClockTo40Mhz        
00002ab9  __TI_decompress_none          
00002ac7  ResetISR                      
00002ad1  _system_pre_init              
00002ad5  C$$EXIT                       
00002ad5  abort                         
00002af8  __TI_Handler_Table_Base       
00002b04  __TI_Handler_Table_Limit      
00002b10  __TI_CINIT_Base               
00002b20  __TI_CINIT_Limit              
20000000  __start___llvm_prf_cnts       
20000000  __stop___llvm_prf_cnts        
20000000  tcb                           
20000240  semaphores                    
200002b8  __stack                       
200004b8  __STACK_END                   
200004b8  __STACK_TOP                   
200004b8  taskCurrent                   
200004b9  taskCount                     
ffffffff  __TI_pprof_out_hndl           
ffffffff  __TI_prof_data_size           
ffffffff  __TI_prof_data_start          
ffffffff  __binit__                     
ffffffff  __c_args__                    
ffffffff  binit                         
UNDEFED   __mpu_init                    
UNDEFED   _system_post_cinit            

[134 symbols]
