******************************************************************************
                  TI ARM Linker PC v20.2.5                     
******************************************************************************
>> Linked Mon Nov 28 13:05:32 2022

OUTPUT FILE NAME:   <RTOS_Project_JL_JM.out>
ENTRY POINT SYMBOL: "_c_int00_noargs"  address: 000033d9


MEMORY CONFIGURATION

         name            origin    length      used     unused   attr    fill
----------------------  --------  ---------  --------  --------  ----  --------
  FLASH                 00000000   00040000  000034e0  0003cb20  R  X
  SRAM                  20000000   00008000  000012c2  00006d3e  RW X


SEGMENT ALLOCATION MAP

run origin  load origin   length   init length attrs members
----------  ----------- ---------- ----------- ----- -------
00000000    00000000    000034e0   000034e0    r-x
  00000000    00000000    0000026c   0000026c    r-- .intvecs
  0000026c    0000026c    0000322c   0000322c    r-x .text
  00003498    00003498    00000010   00000010    r-- .const
  000034a8    000034a8    00000038   00000038    r-- .cinit
20000000    20000000    000012c2   00000000    rw-
  20000000    20000000    00001000   00000000    rw- .stack
  20001000    20001000    000002b8   00000000    rw- .bss
  200012b8    200012b8    0000000a   00000000    rw- .data


SECTION ALLOCATION MAP

 output                                  attributes/
section   page    origin      length       input sections
--------  ----  ----------  ----------   ----------------
.intvecs   0    00000000    0000026c     
                  00000000    0000026c     tm4c123gh6pm_startup_ccs.obj (.intvecs)

.text      0    0000026c    0000322c     
                  0000026c    00001740     rtos.obj (.text)
                  000019ac    00000ec4     shell.obj (.text)
                  00002870    000007e4     gpio.obj (.text)
                  00003054    0000012c     uart0.obj (.text)
                  00003180    0000009c     rtsv7M4_T_le_v4SPD16_eabi.lib : memcpy_t2.asm.obj (.text)
                  0000321c    00000094     kernel_asm.obj (.text)
                  000032b0    0000007a     rtsv7M4_T_le_v4SPD16_eabi.lib : memset_t2.asm.obj (.text)
                  0000332a    00000068                                   : copy_decompress_lzss.c.obj (.text:decompress:lzss:__TI_decompress_lzss)
                  00003392    00000002     --HOLE-- [fill = 0]
                  00003394    00000044                                   : autoinit.c.obj (.text:__TI_auto_init_nobinit_nopinit:__TI_auto_init_nobinit_nopinit)
                  000033d8    00000034                                   : boot_cortex_m.c.obj (.text:_c_int00_noargs:_c_int00_noargs)
                  0000340c    00000020     kernel.obj (.text)
                  0000342c    00000020     wait.obj (.text)
                  0000344c    0000001c     rtsv7M4_T_le_v4SPD16_eabi.lib : copy_zero_init.c.obj (.text:decompress:ZI:__TI_zero_init_nomemset:__TI_zero_init_nomemset)
                  00003468    00000010     clock.obj (.text)
                  00003478    0000000e     rtsv7M4_T_le_v4SPD16_eabi.lib : copy_decompress_none.c.obj (.text:decompress:none:__TI_decompress_none)
                  00003486    0000000a     tm4c123gh6pm_startup_ccs.obj (.text)
                  00003490    00000004     rtsv7M4_T_le_v4SPD16_eabi.lib : pre_init.c.obj (.text:_system_pre_init)
                  00003494    00000004                                   : exit.c.obj (.text:abort:abort)

.const     0    00003498    00000010     
                  00003498    00000010     shell.obj (.const:.string:$P$T0$1)

.cinit     0    000034a8    00000038     
                  000034a8    0000000f     (.cinit..data.load) [load image, compression = lzss]
                  000034b7    00000001     --HOLE-- [fill = 0]
                  000034b8    0000000c     (__TI_handler_table)
                  000034c4    00000004     --HOLE-- [fill = 0]
                  000034c8    00000008     (.cinit..bss.load) [load image, compression = zero_init]
                  000034d0    00000010     (__TI_cinit_table)

.init_array 
*          0    00000000    00000000     UNINITIALIZED

.bss       0    20001000    000002b8     UNINITIALIZED
                  20001000    00000240     (.common:tcb)
                  20001240    00000078     (.common:semaphores)

.data      0    200012b8    0000000a     UNINITIALIZED
                  200012b8    0000000a     rtos.obj (.data)

.stack     0    20000000    00001000     UNINITIALIZED
                  20000000    00000004     rtsv7M4_T_le_v4SPD16_eabi.lib : boot_cortex_m.c.obj (.stack)
                  20000004    00000ffc     --HOLE--

__llvm_prf_cnts 
*          0    20000000    00000000     UNINITIALIZED

MODULE SUMMARY

       Module                         code    ro data   rw data
       ------                         ----    -------   -------
    .\
       rtos.obj                       5952    0         706    
       shell.obj                      3780    16        0      
       gpio.obj                       2020    0         0      
       tm4c123gh6pm_startup_ccs.obj   10      620       0      
       uart0.obj                      300     0         0      
       kernel_asm.obj                 148     0         0      
       kernel.obj                     32      0         0      
       wait.obj                       32      0         0      
       clock.obj                      16      0         0      
    +--+------------------------------+-------+---------+---------+
       Total:                         12290   636       706    
                                                               
    C:\ti\ccs1110\ccs\tools\compiler\ti-cgt-arm_20.2.5.LTS\lib\rtsv7M4_T_le_v4SPD16_eabi.lib
       memcpy_t2.asm.obj              156     0         0      
       memset_t2.asm.obj              122     0         0      
       copy_decompress_lzss.c.obj     104     0         0      
       autoinit.c.obj                 68      0         0      
       boot_cortex_m.c.obj            52      0         0      
       copy_zero_init.c.obj           28      0         0      
       copy_decompress_none.c.obj     14      0         0      
       exit.c.obj                     4       0         0      
       pre_init.c.obj                 4       0         0      
    +--+------------------------------+-------+---------+---------+
       Total:                         552     0         0      
                                                               
       Stack:                         0       0         4096   
       Linker Generated:              0       51        0      
    +--+------------------------------+-------+---------+---------+
       Grand Total:                   12842   687       4802   


LINKER GENERATED COPY TABLES

__TI_cinit_table @ 000034d0 records: 2, size/record: 8, table size: 16
	.data: load addr=000034a8, load size=0000000f bytes, run addr=200012b8, run size=0000000a bytes, compression=lzss
	.bss: load addr=000034c8, load size=00000008 bytes, run addr=20001000, run size=000002b8 bytes, compression=zero_init


LINKER GENERATED HANDLER TABLE

__TI_handler_table @ 000034b8 records: 3, size/record: 4, table size: 12
	index: 0, handler: __TI_decompress_lzss
	index: 1, handler: __TI_decompress_none
	index: 2, handler: __TI_zero_init


GLOBAL SYMBOLS: SORTED ALPHABETICALLY BY Name 

address   name                          
-------   ----                          
00003495  C$$EXIT                       
00003487  ResetISR                      
20001000  __STACK_END                   
00001000  __STACK_SIZE                  
20000200  __STACK_TOP                   
000034d0  __TI_CINIT_Base               
000034e0  __TI_CINIT_Limit              
000034b8  __TI_Handler_Table_Base       
000034c4  __TI_Handler_Table_Limit      
00003395  __TI_auto_init_nobinit_nopinit
0000332b  __TI_decompress_lzss          
00003479  __TI_decompress_none          
ffffffff  __TI_pprof_out_hndl           
ffffffff  __TI_prof_data_size           
ffffffff  __TI_prof_data_start          
00000000  __TI_static_base__            
0000344d  __TI_zero_init_nomemset       
000032b1  __aeabi_memclr                
000032b1  __aeabi_memclr4               
000032b1  __aeabi_memclr8               
00003181  __aeabi_memcpy                
00003181  __aeabi_memcpy4               
00003181  __aeabi_memcpy8               
000032b3  __aeabi_memset                
000032b3  __aeabi_memset4               
000032b3  __aeabi_memset8               
ffffffff  __binit__                     
ffffffff  __c_args__                    
UNDEFED   __mpu_init                    
20000000  __stack                       
20000000  __start___llvm_prf_cnts       
20000000  __stop___llvm_prf_cnts        
000033d9  _c_int00_noargs               
UNDEFED   _system_post_cinit            
00003491  _system_pre_init              
00003495  abort                         
00000413  allowBackgroundAccess         
00000433  allowFlashAccess              
00000477  allowPeripheralAccess         
ffffffff  binit                         
000010bf  busFaultIsr                   
00002ec5  clearPinInterrupt             
00000941  createSemaphore               
000007f9  createThread                  
000016f3  debounce                      
00002ea1  disablePinInterrupt           
00002bd9  disablePinPulldown            
00002b91  disablePinPullup              
0000292d  disablePort                   
0000340d  enableFaultExceptions         
00002e7d  enablePinInterrupt            
00002bb5  enablePinPulldown             
00002b63  enablePinPullup               
00002871  enablePort                    
00001745  errant                        
000032a9  extractSVC                    
00003273  fabricateContext              
00001581  flash4Hz                      
00000000  g_pfnVectors                  
00001ccd  getFieldInteger               
00001c09  getFieldString                
00003259  getMSP                        
00003253  getPSP                        
00002f0f  getPinValue                   
00002fc5  getPortValue                  
0000312b  getcUart0                     
000019ad  getsUart0                     
0000106d  hardFaultIsr                  
00001539  idle                          
0000155d  idle2                         
00001763  important                     
000010f9  initHw                        
0000063d  initMpu                       
00000681  initRtos                      
00003469  initSystemClockTo40Mhz        
00003055  initUart0                     
00002631  isCommand                     
00003143  kbhitUart0                    
000015e5  lengthyFn                     
00001799  main                          
000025d9  makeLowercase                 
00000991  makeRtosGreatAgain            
00000279  mallocBandage                 
0000026d  mallocFromHeap                
00003181  memcpy                        
000032b9  memset                        
00000fa1  mpuFaultIsr                   
000015af  oneshot                       
00001a33  parseFields                   
000015d5  partOfLengthyFn               
00000b99  pendSvIsr                     
00003269  popContext                    
00000afd  post                          
200012ba  preemption                    
000027e5  printf                        
200012bb  priority                      
0000325f  pushContext                   
000030e3  putcUart0                     
000030ff  putsUart0                     
00001645  readKeys                      
000014a9  readPbs                       
00000915  restartThread                 
000006ed  rtosScheduler                 
00002a97  selectPinAnalogInput          
00002a49  selectPinDigitalInput         
00002db3  selectPinInterruptBothEdges   
00002d63  selectPinInterruptFallingEdge 
00002e09  selectPinInterruptHighLevel   
00002e43  selectPinInterruptLowLevel    
00002d13  selectPinInterruptRisingEdge  
000029fb  selectPinOpenDrainOutput      
000029ad  selectPinPushPullOutput       
20001240  semaphores                    
00003237  setASPbit                     
00003249  setPSP                        
00002c01  setPinAuxFunction             
00002ae7  setPinCommitControl           
00002ee9  setPinValue                   
00002f49  setPortValue                  
00003225  setTMPLbit                    
0000092d  setThreadPriority             
0000309f  setUart0BaudRate              
000004c9  setupSramAccess               
0000178f  shell                         
00000ae3  sleep                         
00000aa9  startRtos                     
0000091f  stopThread                    
00002709  strCmp                        
00002797  strCopy                       
00001da1  stringToUint32_t              
00000d75  svCallIsr                     
00000b0b  systickIsr                    
200012b9  taskCount                     
200012b8  taskCurrent                   
20001000  tcb                           
00001e2b  uint16_tToString              
00002539  uint32_tToHexString           
00002069  uint32_tToString              
00001735  uncooperative                 
000010cd  usageFaultIsr                 
00000aef  wait                          
0000342d  waitMicrosecond               
00000adf  yield                         


GLOBAL SYMBOLS: SORTED BY Symbol Address 

address   name                          
-------   ----                          
00000000  __TI_static_base__            
00000000  g_pfnVectors                  
0000026d  mallocFromHeap                
00000279  mallocBandage                 
00000413  allowBackgroundAccess         
00000433  allowFlashAccess              
00000477  allowPeripheralAccess         
000004c9  setupSramAccess               
0000063d  initMpu                       
00000681  initRtos                      
000006ed  rtosScheduler                 
000007f9  createThread                  
00000915  restartThread                 
0000091f  stopThread                    
0000092d  setThreadPriority             
00000941  createSemaphore               
00000991  makeRtosGreatAgain            
00000aa9  startRtos                     
00000adf  yield                         
00000ae3  sleep                         
00000aef  wait                          
00000afd  post                          
00000b0b  systickIsr                    
00000b99  pendSvIsr                     
00000d75  svCallIsr                     
00000fa1  mpuFaultIsr                   
00001000  __STACK_SIZE                  
0000106d  hardFaultIsr                  
000010bf  busFaultIsr                   
000010cd  usageFaultIsr                 
000010f9  initHw                        
000014a9  readPbs                       
00001539  idle                          
0000155d  idle2                         
00001581  flash4Hz                      
000015af  oneshot                       
000015d5  partOfLengthyFn               
000015e5  lengthyFn                     
00001645  readKeys                      
000016f3  debounce                      
00001735  uncooperative                 
00001745  errant                        
00001763  important                     
0000178f  shell                         
00001799  main                          
000019ad  getsUart0                     
00001a33  parseFields                   
00001c09  getFieldString                
00001ccd  getFieldInteger               
00001da1  stringToUint32_t              
00001e2b  uint16_tToString              
00002069  uint32_tToString              
00002539  uint32_tToHexString           
000025d9  makeLowercase                 
00002631  isCommand                     
00002709  strCmp                        
00002797  strCopy                       
000027e5  printf                        
00002871  enablePort                    
0000292d  disablePort                   
000029ad  selectPinPushPullOutput       
000029fb  selectPinOpenDrainOutput      
00002a49  selectPinDigitalInput         
00002a97  selectPinAnalogInput          
00002ae7  setPinCommitControl           
00002b63  enablePinPullup               
00002b91  disablePinPullup              
00002bb5  enablePinPulldown             
00002bd9  disablePinPulldown            
00002c01  setPinAuxFunction             
00002d13  selectPinInterruptRisingEdge  
00002d63  selectPinInterruptFallingEdge 
00002db3  selectPinInterruptBothEdges   
00002e09  selectPinInterruptHighLevel   
00002e43  selectPinInterruptLowLevel    
00002e7d  enablePinInterrupt            
00002ea1  disablePinInterrupt           
00002ec5  clearPinInterrupt             
00002ee9  setPinValue                   
00002f0f  getPinValue                   
00002f49  setPortValue                  
00002fc5  getPortValue                  
00003055  initUart0                     
0000309f  setUart0BaudRate              
000030e3  putcUart0                     
000030ff  putsUart0                     
0000312b  getcUart0                     
00003143  kbhitUart0                    
00003181  __aeabi_memcpy                
00003181  __aeabi_memcpy4               
00003181  __aeabi_memcpy8               
00003181  memcpy                        
00003225  setTMPLbit                    
00003237  setASPbit                     
00003249  setPSP                        
00003253  getPSP                        
00003259  getMSP                        
0000325f  pushContext                   
00003269  popContext                    
00003273  fabricateContext              
000032a9  extractSVC                    
000032b1  __aeabi_memclr                
000032b1  __aeabi_memclr4               
000032b1  __aeabi_memclr8               
000032b3  __aeabi_memset                
000032b3  __aeabi_memset4               
000032b3  __aeabi_memset8               
000032b9  memset                        
0000332b  __TI_decompress_lzss          
00003395  __TI_auto_init_nobinit_nopinit
000033d9  _c_int00_noargs               
0000340d  enableFaultExceptions         
0000342d  waitMicrosecond               
0000344d  __TI_zero_init_nomemset       
00003469  initSystemClockTo40Mhz        
00003479  __TI_decompress_none          
00003487  ResetISR                      
00003491  _system_pre_init              
00003495  C$$EXIT                       
00003495  abort                         
000034b8  __TI_Handler_Table_Base       
000034c4  __TI_Handler_Table_Limit      
000034d0  __TI_CINIT_Base               
000034e0  __TI_CINIT_Limit              
20000000  __stack                       
20000000  __start___llvm_prf_cnts       
20000000  __stop___llvm_prf_cnts        
20000200  __STACK_TOP                   
20001000  __STACK_END                   
20001000  tcb                           
20001240  semaphores                    
200012b8  taskCurrent                   
200012b9  taskCount                     
200012ba  preemption                    
200012bb  priority                      
ffffffff  __TI_pprof_out_hndl           
ffffffff  __TI_prof_data_size           
ffffffff  __TI_prof_data_start          
ffffffff  __binit__                     
ffffffff  __c_args__                    
ffffffff  binit                         
UNDEFED   __mpu_init                    
UNDEFED   _system_post_cinit            

[143 symbols]
